// Jest Snapshot v1, https://goo.gl/fbAQLP

exports[`draw a cross 1`] = `
Array [
  Point {
    "b": 0,
    "g": 0,
    "r": 0,
    "x": 0.2,
    "y": 0.2,
  },
  Point {
    "b": 0,
    "g": 0,
    "r": 0,
    "x": 0.2,
    "y": 0.2,
  },
  Point {
    "b": 0,
    "g": 0,
    "r": 0,
    "x": 0.2,
    "y": 0.2,
  },
  Point {
    "b": 0,
    "g": 0,
    "r": 0,
    "x": 0.2,
    "y": 0.2,
  },
  Point {
    "b": 0,
    "g": 0,
    "r": 0,
    "x": 0.2,
    "y": 0.2,
  },
  Point {
    "b": 0,
    "g": 0,
    "r": 0,
    "x": 0.2,
    "y": 0.2,
  },
  Point {
    "b": 0,
    "g": 0,
    "r": 0,
    "x": 0.2,
    "y": 0.2,
  },
  Point {
    "b": 0,
    "g": 0,
    "r": 0,
    "x": 0.2,
    "y": 0.2,
  },
  Point {
    "b": 0,
    "g": 0,
    "r": 0,
    "x": 0.2,
    "y": 0.2,
  },
  Point {
    "b": 0,
    "g": 0,
    "r": 0,
    "x": 0.2,
    "y": 0.2,
  },
  Point {
    "b": 0,
    "g": 0,
    "r": 0,
    "x": 0.2,
    "y": 0.2,
  },
  Point {
    "b": 0,
    "g": 0,
    "r": 0,
    "x": 0.2,
    "y": 0.2,
  },
  Point {
    "b": 0,
    "g": 0,
    "r": 0,
    "x": 0.2,
    "y": 0.2,
  },
  Point {
    "b": 0,
    "g": 0,
    "r": 0,
    "x": 0.2,
    "y": 0.2,
  },
  Point {
    "b": 0,
    "g": 0,
    "r": 0,
    "x": 0.2,
    "y": 0.2,
  },
  Point {
    "b": 0,
    "g": 0,
    "r": 0,
    "x": 0.2,
    "y": 0.2,
  },
  Point {
    "b": 0,
    "g": 0,
    "r": 0,
    "x": 0.2,
    "y": 0.2,
  },
  Point {
    "b": 0,
    "g": 0,
    "r": 0,
    "x": 0.2,
    "y": 0.2,
  },
  Point {
    "b": 0,
    "g": 0,
    "r": 0,
    "x": 0.2,
    "y": 0.2,
  },
  Point {
    "b": 0,
    "g": 0,
    "r": 0,
    "x": 0.2,
    "y": 0.2,
  },
  Point {
    "b": 0,
    "g": 0,
    "r": 0,
    "x": 0.2,
    "y": 0.2,
  },
  Point {
    "b": 0,
    "g": 0,
    "r": 0,
    "x": 0.2,
    "y": 0.2,
  },
  Point {
    "b": 0,
    "g": 0,
    "r": 0,
    "x": 0.2,
    "y": 0.2,
  },
  Point {
    "b": 0,
    "g": 0,
    "r": 0,
    "x": 0.2,
    "y": 0.2,
  },
  Point {
    "b": 0,
    "g": 0,
    "r": 0,
    "x": 0.2,
    "y": 0.2,
  },
  Point {
    "b": 0,
    "g": 0,
    "r": 0,
    "x": 0.2,
    "y": 0.2,
  },
  Point {
    "b": 0,
    "g": 0,
    "r": 0,
    "x": 0.2,
    "y": 0.2,
  },
  Point {
    "b": 0,
    "g": 0,
    "r": 0,
    "x": 0.2,
    "y": 0.2,
  },
  Point {
    "b": 0,
    "g": 0,
    "r": 0,
    "x": 0.2,
    "y": 0.2,
  },
  Point {
    "b": 0,
    "g": 0,
    "r": 0,
    "x": 0.2,
    "y": 0.2,
  },
  Point {
    "b": 0,
    "g": 0,
    "r": 0,
    "x": 0.2,
    "y": 0.2,
  },
  Point {
    "b": 0,
    "g": 0,
    "r": 0,
    "x": 0.2,
    "y": 0.2,
  },
  Point {
    "b": 0,
    "g": 0,
    "r": 0,
    "x": 0.2,
    "y": 0.2,
  },
  Point {
    "b": 0,
    "g": 0,
    "r": 0,
    "x": 0.2,
    "y": 0.2,
  },
  Point {
    "b": 0,
    "g": 1,
    "r": 0,
    "x": 0.30000000000000004,
    "y": 0.2,
  },
  Point {
    "b": 0,
    "g": 1,
    "r": 0,
    "x": 0.30000000000000004,
    "y": 0.2,
  },
  Point {
    "b": 0,
    "g": 1,
    "r": 0,
    "x": 0.30000000000000004,
    "y": 0.2,
  },
  Point {
    "b": 0,
    "g": 1,
    "r": 0,
    "x": 0.30000000000000004,
    "y": 0.2,
  },
  Point {
    "b": 0,
    "g": 1,
    "r": 0,
    "x": 0.30000000000000004,
    "y": 0.2,
  },
  Point {
    "b": 0,
    "g": 1,
    "r": 0,
    "x": 0.30000000000000004,
    "y": 0.2,
  },
  Point {
    "b": 0,
    "g": 1,
    "r": 0,
    "x": 0.30000000000000004,
    "y": 0.30000000000000004,
  },
  Point {
    "b": 0,
    "g": 1,
    "r": 0,
    "x": 0.30000000000000004,
    "y": 0.30000000000000004,
  },
  Point {
    "b": 0,
    "g": 1,
    "r": 0,
    "x": 0.30000000000000004,
    "y": 0.30000000000000004,
  },
  Point {
    "b": 0,
    "g": 1,
    "r": 0,
    "x": 0.30000000000000004,
    "y": 0.30000000000000004,
  },
  Point {
    "b": 0,
    "g": 1,
    "r": 0,
    "x": 0.30000000000000004,
    "y": 0.30000000000000004,
  },
  Point {
    "b": 0,
    "g": 1,
    "r": 0,
    "x": 0.30000000000000004,
    "y": 0.30000000000000004,
  },
  Point {
    "b": 0,
    "g": 1,
    "r": 0,
    "x": 0.4,
    "y": 0.30000000000000004,
  },
  Point {
    "b": 0,
    "g": 1,
    "r": 0,
    "x": 0.4,
    "y": 0.30000000000000004,
  },
  Point {
    "b": 0,
    "g": 1,
    "r": 0,
    "x": 0.4,
    "y": 0.30000000000000004,
  },
  Point {
    "b": 0,
    "g": 1,
    "r": 0,
    "x": 0.4,
    "y": 0.30000000000000004,
  },
  Point {
    "b": 0,
    "g": 1,
    "r": 0,
    "x": 0.4,
    "y": 0.30000000000000004,
  },
  Point {
    "b": 0,
    "g": 1,
    "r": 0,
    "x": 0.4,
    "y": 0.30000000000000004,
  },
  Point {
    "b": 0,
    "g": 1,
    "r": 0,
    "x": 0.4,
    "y": 0.4,
  },
  Point {
    "b": 0,
    "g": 1,
    "r": 0,
    "x": 0.4,
    "y": 0.4,
  },
  Point {
    "b": 0,
    "g": 1,
    "r": 0,
    "x": 0.4,
    "y": 0.4,
  },
  Point {
    "b": 0,
    "g": 1,
    "r": 0,
    "x": 0.4,
    "y": 0.4,
  },
  Point {
    "b": 0,
    "g": 1,
    "r": 0,
    "x": 0.4,
    "y": 0.4,
  },
  Point {
    "b": 0,
    "g": 1,
    "r": 0,
    "x": 0.4,
    "y": 0.4,
  },
  Point {
    "b": 0,
    "g": 1,
    "r": 0,
    "x": 0.30000000000000004,
    "y": 0.4,
  },
  Point {
    "b": 0,
    "g": 1,
    "r": 0,
    "x": 0.30000000000000004,
    "y": 0.4,
  },
  Point {
    "b": 0,
    "g": 1,
    "r": 0,
    "x": 0.30000000000000004,
    "y": 0.4,
  },
  Point {
    "b": 0,
    "g": 1,
    "r": 0,
    "x": 0.30000000000000004,
    "y": 0.4,
  },
  Point {
    "b": 0,
    "g": 1,
    "r": 0,
    "x": 0.30000000000000004,
    "y": 0.4,
  },
  Point {
    "b": 0,
    "g": 1,
    "r": 0,
    "x": 0.30000000000000004,
    "y": 0.4,
  },
  Point {
    "b": 0,
    "g": 1,
    "r": 0,
    "x": 0.30000000000000004,
    "y": 0.5,
  },
  Point {
    "b": 0,
    "g": 1,
    "r": 0,
    "x": 0.30000000000000004,
    "y": 0.5,
  },
  Point {
    "b": 0,
    "g": 1,
    "r": 0,
    "x": 0.30000000000000004,
    "y": 0.5,
  },
  Point {
    "b": 0,
    "g": 1,
    "r": 0,
    "x": 0.30000000000000004,
    "y": 0.5,
  },
  Point {
    "b": 0,
    "g": 1,
    "r": 0,
    "x": 0.30000000000000004,
    "y": 0.5,
  },
  Point {
    "b": 0,
    "g": 1,
    "r": 0,
    "x": 0.30000000000000004,
    "y": 0.5,
  },
  Point {
    "b": 0,
    "g": 1,
    "r": 0,
    "x": 0.20000000000000004,
    "y": 0.5,
  },
  Point {
    "b": 0,
    "g": 1,
    "r": 0,
    "x": 0.20000000000000004,
    "y": 0.5,
  },
  Point {
    "b": 0,
    "g": 1,
    "r": 0,
    "x": 0.20000000000000004,
    "y": 0.5,
  },
  Point {
    "b": 0,
    "g": 1,
    "r": 0,
    "x": 0.20000000000000004,
    "y": 0.5,
  },
  Point {
    "b": 0,
    "g": 1,
    "r": 0,
    "x": 0.20000000000000004,
    "y": 0.5,
  },
  Point {
    "b": 0,
    "g": 1,
    "r": 0,
    "x": 0.20000000000000004,
    "y": 0.5,
  },
  Point {
    "b": 0,
    "g": 1,
    "r": 0,
    "x": 0.20000000000000004,
    "y": 0.4,
  },
  Point {
    "b": 0,
    "g": 1,
    "r": 0,
    "x": 0.20000000000000004,
    "y": 0.4,
  },
  Point {
    "b": 0,
    "g": 1,
    "r": 0,
    "x": 0.20000000000000004,
    "y": 0.4,
  },
  Point {
    "b": 0,
    "g": 1,
    "r": 0,
    "x": 0.20000000000000004,
    "y": 0.4,
  },
  Point {
    "b": 0,
    "g": 1,
    "r": 0,
    "x": 0.20000000000000004,
    "y": 0.4,
  },
  Point {
    "b": 0,
    "g": 1,
    "r": 0,
    "x": 0.20000000000000004,
    "y": 0.4,
  },
  Point {
    "b": 0,
    "g": 1,
    "r": 0,
    "x": 0.10000000000000003,
    "y": 0.4,
  },
  Point {
    "b": 0,
    "g": 1,
    "r": 0,
    "x": 0.10000000000000003,
    "y": 0.4,
  },
  Point {
    "b": 0,
    "g": 1,
    "r": 0,
    "x": 0.10000000000000003,
    "y": 0.4,
  },
  Point {
    "b": 0,
    "g": 1,
    "r": 0,
    "x": 0.10000000000000003,
    "y": 0.4,
  },
  Point {
    "b": 0,
    "g": 1,
    "r": 0,
    "x": 0.10000000000000003,
    "y": 0.4,
  },
  Point {
    "b": 0,
    "g": 1,
    "r": 0,
    "x": 0.10000000000000003,
    "y": 0.4,
  },
  Point {
    "b": 0,
    "g": 1,
    "r": 0,
    "x": 0.10000000000000003,
    "y": 0.30000000000000004,
  },
  Point {
    "b": 0,
    "g": 1,
    "r": 0,
    "x": 0.10000000000000003,
    "y": 0.30000000000000004,
  },
  Point {
    "b": 0,
    "g": 1,
    "r": 0,
    "x": 0.10000000000000003,
    "y": 0.30000000000000004,
  },
  Point {
    "b": 0,
    "g": 1,
    "r": 0,
    "x": 0.10000000000000003,
    "y": 0.30000000000000004,
  },
  Point {
    "b": 0,
    "g": 1,
    "r": 0,
    "x": 0.10000000000000003,
    "y": 0.30000000000000004,
  },
  Point {
    "b": 0,
    "g": 1,
    "r": 0,
    "x": 0.10000000000000003,
    "y": 0.30000000000000004,
  },
  Point {
    "b": 0,
    "g": 1,
    "r": 0,
    "x": 0.20000000000000004,
    "y": 0.30000000000000004,
  },
  Point {
    "b": 0,
    "g": 1,
    "r": 0,
    "x": 0.20000000000000004,
    "y": 0.30000000000000004,
  },
  Point {
    "b": 0,
    "g": 1,
    "r": 0,
    "x": 0.20000000000000004,
    "y": 0.30000000000000004,
  },
  Point {
    "b": 0,
    "g": 1,
    "r": 0,
    "x": 0.20000000000000004,
    "y": 0.30000000000000004,
  },
  Point {
    "b": 0,
    "g": 1,
    "r": 0,
    "x": 0.20000000000000004,
    "y": 0.30000000000000004,
  },
  Point {
    "b": 0,
    "g": 1,
    "r": 0,
    "x": 0.20000000000000004,
    "y": 0.30000000000000004,
  },
  Point {
    "b": 0,
    "g": 1,
    "r": 0,
    "x": 0.2,
    "y": 0.2,
  },
  Point {
    "b": 0,
    "g": 1,
    "r": 0,
    "x": 0.2,
    "y": 0.2,
  },
  Point {
    "b": 0,
    "g": 1,
    "r": 0,
    "x": 0.2,
    "y": 0.2,
  },
  Point {
    "b": 0,
    "g": 1,
    "r": 0,
    "x": 0.2,
    "y": 0.2,
  },
  Point {
    "b": 0,
    "g": 1,
    "r": 0,
    "x": 0.2,
    "y": 0.2,
  },
  Point {
    "b": 0,
    "g": 1,
    "r": 0,
    "x": 0.2,
    "y": 0.2,
  },
]
`;

exports[`draw a smile (curves) 1`] = `
Array [
  Point {
    "b": 0,
    "g": 0,
    "r": 0,
    "x": 0.5,
    "y": 0.8,
  },
  Point {
    "b": 0,
    "g": 0,
    "r": 0,
    "x": 0.5,
    "y": 0.8,
  },
  Point {
    "b": 0,
    "g": 0,
    "r": 0,
    "x": 0.5,
    "y": 0.8,
  },
  Point {
    "b": 0,
    "g": 0,
    "r": 0,
    "x": 0.5,
    "y": 0.8,
  },
  Point {
    "b": 0,
    "g": 0,
    "r": 0,
    "x": 0.5,
    "y": 0.8,
  },
  Point {
    "b": 0,
    "g": 0,
    "r": 0,
    "x": 0.5,
    "y": 0.8,
  },
  Point {
    "b": 0,
    "g": 0,
    "r": 0,
    "x": 0.5,
    "y": 0.8,
  },
  Point {
    "b": 0,
    "g": 0,
    "r": 0,
    "x": 0.5,
    "y": 0.8,
  },
  Point {
    "b": 0,
    "g": 0,
    "r": 0,
    "x": 0.5,
    "y": 0.8,
  },
  Point {
    "b": 0,
    "g": 0,
    "r": 0,
    "x": 0.5,
    "y": 0.8,
  },
  Point {
    "b": 0,
    "g": 0,
    "r": 0,
    "x": 0.5,
    "y": 0.8,
  },
  Point {
    "b": 0,
    "g": 0,
    "r": 0,
    "x": 0.5,
    "y": 0.8,
  },
  Point {
    "b": 0,
    "g": 0,
    "r": 0,
    "x": 0.5,
    "y": 0.8,
  },
  Point {
    "b": 0,
    "g": 0,
    "r": 0,
    "x": 0.5,
    "y": 0.8,
  },
  Point {
    "b": 0,
    "g": 0,
    "r": 0,
    "x": 0.5,
    "y": 0.8,
  },
  Point {
    "b": 0,
    "g": 0,
    "r": 0,
    "x": 0.5,
    "y": 0.8,
  },
  Point {
    "b": 0,
    "g": 0,
    "r": 0,
    "x": 0.5,
    "y": 0.8,
  },
  Point {
    "b": 0,
    "g": 0,
    "r": 0,
    "x": 0.5,
    "y": 0.8,
  },
  Point {
    "b": 0,
    "g": 0,
    "r": 0,
    "x": 0.5,
    "y": 0.8,
  },
  Point {
    "b": 0,
    "g": 0,
    "r": 0,
    "x": 0.5,
    "y": 0.8,
  },
  Point {
    "b": 0,
    "g": 0,
    "r": 0,
    "x": 0.5,
    "y": 0.8,
  },
  Point {
    "b": 0,
    "g": 0,
    "r": 0,
    "x": 0.5,
    "y": 0.8,
  },
  Point {
    "b": 0,
    "g": 0,
    "r": 0,
    "x": 0.5,
    "y": 0.8,
  },
  Point {
    "b": 0,
    "g": 0,
    "r": 0,
    "x": 0.5,
    "y": 0.8,
  },
  Point {
    "b": 0,
    "g": 0,
    "r": 0,
    "x": 0.5,
    "y": 0.8,
  },
  Point {
    "b": 0,
    "g": 0,
    "r": 0,
    "x": 0.5,
    "y": 0.8,
  },
  Point {
    "b": 0,
    "g": 0,
    "r": 0,
    "x": 0.5,
    "y": 0.8,
  },
  Point {
    "b": 0,
    "g": 0,
    "r": 0,
    "x": 0.5,
    "y": 0.8,
  },
  Point {
    "b": 0,
    "g": 0,
    "r": 0,
    "x": 0.5,
    "y": 0.8,
  },
  Point {
    "b": 0,
    "g": 0,
    "r": 0,
    "x": 0.5,
    "y": 0.8,
  },
  Point {
    "b": 0,
    "g": 0,
    "r": 0,
    "x": 0.5,
    "y": 0.8,
  },
  Point {
    "b": 0,
    "g": 1,
    "r": 0,
    "x": 0.6,
    "y": 0.9,
  },
  Point {
    "b": 0,
    "g": 1,
    "r": 0,
    "x": 0.6,
    "y": 0.9,
  },
  Point {
    "b": 0,
    "g": 1,
    "r": 0,
    "x": 0.6,
    "y": 0.9,
  },
  Point {
    "b": 0,
    "g": 1,
    "r": 0,
    "x": 0.6,
    "y": 0.9,
  },
  Point {
    "b": 0,
    "g": 1,
    "r": 0,
    "x": 0.6,
    "y": 0.9,
  },
  Point {
    "b": 0,
    "g": 1,
    "r": 0,
    "x": 0.6,
    "y": 0.9,
  },
  Point {
    "b": 0,
    "g": 1,
    "r": 0,
    "x": 0.7,
    "y": 0.8,
  },
]
`;

exports[`draw a triangle 1`] = `
Array [
  Point {
    "b": 0,
    "g": 0,
    "r": 0,
    "x": 0.67,
    "y": 0,
  },
  Point {
    "b": 0,
    "g": 0,
    "r": 0,
    "x": 0.67,
    "y": 0,
  },
  Point {
    "b": 0,
    "g": 0,
    "r": 0,
    "x": 0.67,
    "y": 0,
  },
  Point {
    "b": 0,
    "g": 0,
    "r": 0,
    "x": 0.67,
    "y": 0,
  },
  Point {
    "b": 0,
    "g": 0,
    "r": 0,
    "x": 0.67,
    "y": 0,
  },
  Point {
    "b": 0,
    "g": 0,
    "r": 0,
    "x": 0.67,
    "y": 0,
  },
  Point {
    "b": 0,
    "g": 0,
    "r": 0,
    "x": 0.67,
    "y": 0,
  },
  Point {
    "b": 0,
    "g": 0,
    "r": 0,
    "x": 0.67,
    "y": 0,
  },
  Point {
    "b": 0,
    "g": 0,
    "r": 0,
    "x": 0.67,
    "y": 0,
  },
  Point {
    "b": 0,
    "g": 0,
    "r": 0,
    "x": 0.67,
    "y": 0,
  },
  Point {
    "b": 0,
    "g": 0,
    "r": 0,
    "x": 0.67,
    "y": 0,
  },
  Point {
    "b": 0,
    "g": 0,
    "r": 0,
    "x": 0.67,
    "y": 0,
  },
  Point {
    "b": 0,
    "g": 0,
    "r": 0,
    "x": 0.67,
    "y": 0,
  },
  Point {
    "b": 0,
    "g": 0,
    "r": 0,
    "x": 0.67,
    "y": 0,
  },
  Point {
    "b": 0,
    "g": 0,
    "r": 0,
    "x": 0.67,
    "y": 0,
  },
  Point {
    "b": 0,
    "g": 0,
    "r": 0,
    "x": 0.67,
    "y": 0,
  },
  Point {
    "b": 0,
    "g": 0,
    "r": 0,
    "x": 0.67,
    "y": 0,
  },
  Point {
    "b": 0,
    "g": 0,
    "r": 0,
    "x": 0.67,
    "y": 0,
  },
  Point {
    "b": 0,
    "g": 0,
    "r": 0,
    "x": 0.67,
    "y": 0,
  },
  Point {
    "b": 0,
    "g": 0,
    "r": 0,
    "x": 0.67,
    "y": 0,
  },
  Point {
    "b": 0,
    "g": 0,
    "r": 0,
    "x": 0.67,
    "y": 0,
  },
  Point {
    "b": 0,
    "g": 0,
    "r": 0,
    "x": 0.67,
    "y": 0,
  },
  Point {
    "b": 0,
    "g": 0,
    "r": 0,
    "x": 0.67,
    "y": 0,
  },
  Point {
    "b": 0,
    "g": 0,
    "r": 0,
    "x": 0.67,
    "y": 0,
  },
  Point {
    "b": 0,
    "g": 0,
    "r": 0,
    "x": 0.67,
    "y": 0,
  },
  Point {
    "b": 0,
    "g": 0,
    "r": 0,
    "x": 0.67,
    "y": 0,
  },
  Point {
    "b": 0,
    "g": 0,
    "r": 0,
    "x": 0.67,
    "y": 0,
  },
  Point {
    "b": 0,
    "g": 0,
    "r": 0,
    "x": 0.67,
    "y": 0,
  },
  Point {
    "b": 0,
    "g": 0,
    "r": 0,
    "x": 0.67,
    "y": 0,
  },
  Point {
    "b": 0,
    "g": 0,
    "r": 0,
    "x": 0.67,
    "y": 0,
  },
  Point {
    "b": 0,
    "g": 1,
    "r": 0,
    "x": 0.7066666666666667,
    "y": 0.09777777777777778,
  },
  Point {
    "b": 0,
    "g": 1,
    "r": 0,
    "x": 0.7433333333333334,
    "y": 0.19555555555555557,
  },
  Point {
    "b": 0,
    "g": 1,
    "r": 0,
    "x": 0.78,
    "y": 0.29333333333333333,
  },
  Point {
    "b": 0,
    "g": 1,
    "r": 0,
    "x": 0.8166666666666667,
    "y": 0.39111111111111113,
  },
  Point {
    "b": 0,
    "g": 1,
    "r": 0,
    "x": 0.8533333333333333,
    "y": 0.48888888888888893,
  },
  Point {
    "b": 0,
    "g": 1,
    "r": 0,
    "x": 0.89,
    "y": 0.5866666666666667,
  },
  Point {
    "b": 0,
    "g": 1,
    "r": 0,
    "x": 0.9266666666666666,
    "y": 0.6844444444444445,
  },
  Point {
    "b": 0,
    "g": 1,
    "r": 0,
    "x": 0.9633333333333334,
    "y": 0.7822222222222223,
  },
  Point {
    "b": 0,
    "g": 1,
    "r": 0,
    "x": 1,
    "y": 0.88,
  },
  Point {
    "b": 0,
    "g": 1,
    "r": 0,
    "x": 1,
    "y": 0.88,
  },
  Point {
    "b": 0,
    "g": 1,
    "r": 0,
    "x": 1,
    "y": 0.88,
  },
  Point {
    "b": 0,
    "g": 1,
    "r": 0,
    "x": 1,
    "y": 0.88,
  },
  Point {
    "b": 0,
    "g": 1,
    "r": 0,
    "x": 1,
    "y": 0.88,
  },
  Point {
    "b": 0,
    "g": 1,
    "r": 0,
    "x": 1,
    "y": 0.88,
  },
  Point {
    "b": 0,
    "g": 1,
    "r": 0,
    "x": 1,
    "y": 0.88,
  },
  Point {
    "b": 0,
    "g": 1,
    "r": 0,
    "x": 1,
    "y": 0.88,
  },
  Point {
    "b": 0,
    "g": 1,
    "r": 0,
    "x": 1,
    "y": 0.88,
  },
  Point {
    "b": 0,
    "g": 1,
    "r": 0,
    "x": 1,
    "y": 0.88,
  },
  Point {
    "b": 0,
    "g": 1,
    "r": 0,
    "x": 1,
    "y": 0.88,
  },
  Point {
    "b": 0,
    "g": 1,
    "r": 0,
    "x": 0.9633333333333334,
    "y": 0.7822222222222223,
  },
  Point {
    "b": 0,
    "g": 1,
    "r": 0,
    "x": 0.9266666666666666,
    "y": 0.6844444444444444,
  },
  Point {
    "b": 0,
    "g": 1,
    "r": 0,
    "x": 0.89,
    "y": 0.5866666666666667,
  },
  Point {
    "b": 0,
    "g": 1,
    "r": 0,
    "x": 0.8533333333333334,
    "y": 0.4888888888888889,
  },
  Point {
    "b": 0,
    "g": 1,
    "r": 0,
    "x": 0.8166666666666667,
    "y": 0.3911111111111111,
  },
  Point {
    "b": 0,
    "g": 1,
    "r": 0,
    "x": 0.78,
    "y": 0.29333333333333333,
  },
  Point {
    "b": 0,
    "g": 1,
    "r": 0,
    "x": 0.7433333333333334,
    "y": 0.19555555555555548,
  },
  Point {
    "b": 0,
    "g": 1,
    "r": 0,
    "x": 0.7066666666666668,
    "y": 0.09777777777777774,
  },
  Point {
    "b": 0,
    "g": 1,
    "r": 0,
    "x": 0.67,
    "y": 0,
  },
  Point {
    "b": 0,
    "g": 1,
    "r": 0,
    "x": 0.67,
    "y": 0,
  },
  Point {
    "b": 0,
    "g": 1,
    "r": 0,
    "x": 0.67,
    "y": 0,
  },
  Point {
    "b": 0,
    "g": 1,
    "r": 0,
    "x": 0.67,
    "y": 0,
  },
  Point {
    "b": 0,
    "g": 1,
    "r": 0,
    "x": 0.67,
    "y": 0,
  },
  Point {
    "b": 0,
    "g": 1,
    "r": 0,
    "x": 0.67,
    "y": 0,
  },
]
`;

exports[`draw a triangle with x/y offset 1`] = `
Array [
  Point {
    "b": 0,
    "g": 0,
    "r": 0,
    "x": 0.77,
    "y": 0.2,
  },
  Point {
    "b": 0,
    "g": 0,
    "r": 0,
    "x": 0.77,
    "y": 0.2,
  },
  Point {
    "b": 0,
    "g": 0,
    "r": 0,
    "x": 0.77,
    "y": 0.2,
  },
  Point {
    "b": 0,
    "g": 0,
    "r": 0,
    "x": 0.77,
    "y": 0.2,
  },
  Point {
    "b": 0,
    "g": 0,
    "r": 0,
    "x": 0.77,
    "y": 0.2,
  },
  Point {
    "b": 0,
    "g": 0,
    "r": 0,
    "x": 0.77,
    "y": 0.2,
  },
  Point {
    "b": 0,
    "g": 0,
    "r": 0,
    "x": 0.77,
    "y": 0.2,
  },
  Point {
    "b": 0,
    "g": 0,
    "r": 0,
    "x": 0.77,
    "y": 0.2,
  },
  Point {
    "b": 0,
    "g": 0,
    "r": 0,
    "x": 0.77,
    "y": 0.2,
  },
  Point {
    "b": 0,
    "g": 0,
    "r": 0,
    "x": 0.77,
    "y": 0.2,
  },
  Point {
    "b": 0,
    "g": 0,
    "r": 0,
    "x": 0.77,
    "y": 0.2,
  },
  Point {
    "b": 0,
    "g": 0,
    "r": 0,
    "x": 0.77,
    "y": 0.2,
  },
  Point {
    "b": 0,
    "g": 0,
    "r": 0,
    "x": 0.77,
    "y": 0.2,
  },
  Point {
    "b": 0,
    "g": 0,
    "r": 0,
    "x": 0.77,
    "y": 0.2,
  },
  Point {
    "b": 0,
    "g": 0,
    "r": 0,
    "x": 0.77,
    "y": 0.2,
  },
  Point {
    "b": 0,
    "g": 0,
    "r": 0,
    "x": 0.77,
    "y": 0.2,
  },
  Point {
    "b": 0,
    "g": 0,
    "r": 0,
    "x": 0.77,
    "y": 0.2,
  },
  Point {
    "b": 0,
    "g": 0,
    "r": 0,
    "x": 0.77,
    "y": 0.2,
  },
  Point {
    "b": 0,
    "g": 0,
    "r": 0,
    "x": 0.77,
    "y": 0.2,
  },
  Point {
    "b": 0,
    "g": 0,
    "r": 0,
    "x": 0.77,
    "y": 0.2,
  },
  Point {
    "b": 0,
    "g": 0,
    "r": 0,
    "x": 0.77,
    "y": 0.2,
  },
  Point {
    "b": 0,
    "g": 0,
    "r": 0,
    "x": 0.77,
    "y": 0.2,
  },
  Point {
    "b": 0,
    "g": 0,
    "r": 0,
    "x": 0.77,
    "y": 0.2,
  },
  Point {
    "b": 0,
    "g": 0,
    "r": 0,
    "x": 0.77,
    "y": 0.2,
  },
  Point {
    "b": 0,
    "g": 0,
    "r": 0,
    "x": 0.77,
    "y": 0.2,
  },
  Point {
    "b": 0,
    "g": 0,
    "r": 0,
    "x": 0.77,
    "y": 0.2,
  },
  Point {
    "b": 0,
    "g": 0,
    "r": 0,
    "x": 0.77,
    "y": 0.2,
  },
  Point {
    "b": 0,
    "g": 0,
    "r": 0,
    "x": 0.77,
    "y": 0.2,
  },
  Point {
    "b": 0,
    "g": 0,
    "r": 0,
    "x": 0.77,
    "y": 0.2,
  },
  Point {
    "b": 0,
    "g": 0,
    "r": 0,
    "x": 0.77,
    "y": 0.2,
  },
  Point {
    "b": 0,
    "g": 1,
    "r": 0,
    "x": 0.8066666666666666,
    "y": 0.2977777777777778,
  },
  Point {
    "b": 0,
    "g": 1,
    "r": 0,
    "x": 0.8433333333333334,
    "y": 0.3955555555555556,
  },
  Point {
    "b": 0,
    "g": 1,
    "r": 0,
    "x": 0.88,
    "y": 0.4933333333333334,
  },
  Point {
    "b": 0,
    "g": 1,
    "r": 0,
    "x": 0.9166666666666667,
    "y": 0.5911111111111111,
  },
  Point {
    "b": 0,
    "g": 1,
    "r": 0,
    "x": 0.9533333333333334,
    "y": 0.688888888888889,
  },
  Point {
    "b": 0,
    "g": 1,
    "r": 0,
    "x": 0.99,
    "y": 0.7866666666666668,
  },
  Point {
    "b": 0,
    "g": 1,
    "r": 0,
    "x": 1.0266666666666668,
    "y": 0.8844444444444446,
  },
  Point {
    "b": 0,
    "g": 1,
    "r": 0,
    "x": 1.0633333333333335,
    "y": 0.9822222222222223,
  },
  Point {
    "b": 0,
    "g": 1,
    "r": 0,
    "x": 1.1,
    "y": 1.08,
  },
  Point {
    "b": 0,
    "g": 1,
    "r": 0,
    "x": 1.1,
    "y": 1.08,
  },
  Point {
    "b": 0,
    "g": 1,
    "r": 0,
    "x": 1.1,
    "y": 1.08,
  },
  Point {
    "b": 0,
    "g": 1,
    "r": 0,
    "x": 1.1,
    "y": 1.08,
  },
  Point {
    "b": 0,
    "g": 1,
    "r": 0,
    "x": 1.1,
    "y": 1.08,
  },
  Point {
    "b": 0,
    "g": 1,
    "r": 0,
    "x": 1.1,
    "y": 1.08,
  },
  Point {
    "b": 0,
    "g": 1,
    "r": 0,
    "x": 1.1,
    "y": 1.08,
  },
  Point {
    "b": 0,
    "g": 1,
    "r": 0,
    "x": 1.1,
    "y": 1.08,
  },
  Point {
    "b": 0,
    "g": 1,
    "r": 0,
    "x": 1.1,
    "y": 1.08,
  },
  Point {
    "b": 0,
    "g": 1,
    "r": 0,
    "x": 1.1,
    "y": 1.08,
  },
  Point {
    "b": 0,
    "g": 1,
    "r": 0,
    "x": 1.1,
    "y": 1.08,
  },
  Point {
    "b": 0,
    "g": 1,
    "r": 0,
    "x": 1.0633333333333335,
    "y": 0.9822222222222223,
  },
  Point {
    "b": 0,
    "g": 1,
    "r": 0,
    "x": 1.0266666666666668,
    "y": 0.8844444444444445,
  },
  Point {
    "b": 0,
    "g": 1,
    "r": 0,
    "x": 0.9900000000000001,
    "y": 0.7866666666666666,
  },
  Point {
    "b": 0,
    "g": 1,
    "r": 0,
    "x": 0.9533333333333334,
    "y": 0.6888888888888889,
  },
  Point {
    "b": 0,
    "g": 1,
    "r": 0,
    "x": 0.9166666666666667,
    "y": 0.5911111111111111,
  },
  Point {
    "b": 0,
    "g": 1,
    "r": 0,
    "x": 0.8800000000000001,
    "y": 0.4933333333333333,
  },
  Point {
    "b": 0,
    "g": 1,
    "r": 0,
    "x": 0.8433333333333334,
    "y": 0.39555555555555544,
  },
  Point {
    "b": 0,
    "g": 1,
    "r": 0,
    "x": 0.8066666666666666,
    "y": 0.2977777777777777,
  },
  Point {
    "b": 0,
    "g": 1,
    "r": 0,
    "x": 0.77,
    "y": 0.19999999999999996,
  },
  Point {
    "b": 0,
    "g": 1,
    "r": 0,
    "x": 0.77,
    "y": 0.2,
  },
  Point {
    "b": 0,
    "g": 1,
    "r": 0,
    "x": 0.77,
    "y": 0.2,
  },
  Point {
    "b": 0,
    "g": 1,
    "r": 0,
    "x": 0.77,
    "y": 0.2,
  },
  Point {
    "b": 0,
    "g": 1,
    "r": 0,
    "x": 0.77,
    "y": 0.2,
  },
  Point {
    "b": 0,
    "g": 1,
    "r": 0,
    "x": 0.77,
    "y": 0.2,
  },
]
`;

exports[`draw an arc 1`] = `
Array [
  Point {
    "b": 0,
    "g": 0,
    "r": 0,
    "x": 0.03125,
    "y": 0.984375,
  },
  Point {
    "b": 0,
    "g": 0,
    "r": 0,
    "x": 0.03125,
    "y": 0.984375,
  },
  Point {
    "b": 0,
    "g": 0,
    "r": 0,
    "x": 0.03125,
    "y": 0.984375,
  },
  Point {
    "b": 0,
    "g": 0,
    "r": 0,
    "x": 0.03125,
    "y": 0.984375,
  },
  Point {
    "b": 0,
    "g": 0,
    "r": 0,
    "x": 0.03125,
    "y": 0.984375,
  },
  Point {
    "b": 0,
    "g": 0,
    "r": 0,
    "x": 0.03125,
    "y": 0.984375,
  },
  Point {
    "b": 0,
    "g": 0,
    "r": 0,
    "x": 0.03125,
    "y": 0.984375,
  },
  Point {
    "b": 0,
    "g": 0,
    "r": 0,
    "x": 0.03125,
    "y": 0.984375,
  },
  Point {
    "b": 0,
    "g": 0,
    "r": 0,
    "x": 0.03125,
    "y": 0.984375,
  },
  Point {
    "b": 0,
    "g": 0,
    "r": 0,
    "x": 0.03125,
    "y": 0.984375,
  },
  Point {
    "b": 0,
    "g": 0,
    "r": 0,
    "x": 0.03125,
    "y": 0.984375,
  },
  Point {
    "b": 0,
    "g": 0,
    "r": 0,
    "x": 0.03125,
    "y": 0.984375,
  },
  Point {
    "b": 0,
    "g": 0,
    "r": 0,
    "x": 0.03125,
    "y": 0.984375,
  },
  Point {
    "b": 0,
    "g": 0,
    "r": 0,
    "x": 0.03125,
    "y": 0.984375,
  },
  Point {
    "b": 0,
    "g": 0,
    "r": 0,
    "x": 0.03125,
    "y": 0.984375,
  },
  Point {
    "b": 0,
    "g": 0,
    "r": 0,
    "x": 0.03125,
    "y": 0.984375,
  },
  Point {
    "b": 0,
    "g": 0,
    "r": 0,
    "x": 0.03125,
    "y": 0.984375,
  },
  Point {
    "b": 0,
    "g": 0,
    "r": 0,
    "x": 0.03125,
    "y": 0.984375,
  },
  Point {
    "b": 0,
    "g": 0,
    "r": 0,
    "x": 0.03125,
    "y": 0.984375,
  },
  Point {
    "b": 0,
    "g": 0,
    "r": 0,
    "x": 0.03125,
    "y": 0.984375,
  },
  Point {
    "b": 0,
    "g": 0,
    "r": 0,
    "x": 0.03125,
    "y": 0.984375,
  },
  Point {
    "b": 0,
    "g": 0,
    "r": 0,
    "x": 0.03125,
    "y": 0.984375,
  },
  Point {
    "b": 0,
    "g": 0,
    "r": 0,
    "x": 0.03125,
    "y": 0.984375,
  },
  Point {
    "b": 0,
    "g": 0,
    "r": 0,
    "x": 0.03125,
    "y": 0.984375,
  },
  Point {
    "b": 0,
    "g": 0,
    "r": 0,
    "x": 0.03125,
    "y": 0.984375,
  },
  Point {
    "b": 0,
    "g": 0,
    "r": 0,
    "x": 0.03125,
    "y": 0.984375,
  },
  Point {
    "b": 0,
    "g": 0,
    "r": 0,
    "x": 0.03125,
    "y": 0.984375,
  },
  Point {
    "b": 0,
    "g": 0,
    "r": 0,
    "x": 0.03125,
    "y": 0.984375,
  },
  Point {
    "b": 0,
    "g": 0,
    "r": 0,
    "x": 0.03125,
    "y": 0.984375,
  },
  Point {
    "b": 0,
    "g": 0,
    "r": 0,
    "x": 0.03125,
    "y": 0.984375,
  },
  Point {
    "b": 0,
    "g": 0,
    "r": 0,
    "x": 0.03125,
    "y": 0.984375,
  },
  Point {
    "b": 0,
    "g": 1,
    "r": 0,
    "x": 0.109375,
    "y": 0.90625,
  },
  Point {
    "b": 0,
    "g": 1,
    "r": 0,
    "x": 0.1875,
    "y": 0.828125,
  },
  Point {
    "b": 0,
    "g": 1,
    "r": 0,
    "x": 0.265625,
    "y": 0.75,
  },
  Point {
    "b": 0,
    "g": 1,
    "r": 0,
    "x": 0.34375,
    "y": 0.671875,
  },
  Point {
    "b": 0,
    "g": 1,
    "r": 0,
    "x": 0.34375,
    "y": 0.671875,
  },
  Point {
    "b": 0,
    "g": 1,
    "r": 0,
    "x": 0.34375,
    "y": 0.671875,
  },
  Point {
    "b": 0,
    "g": 1,
    "r": 0,
    "x": 0.37659375,
    "y": 0.4529166666666666,
  },
  Point {
    "b": 0,
    "g": 1,
    "r": 0,
    "x": 0.5079687500000001,
    "y": 0.5076562499999999,
  },
  Point {
    "b": 0,
    "g": 1,
    "r": 0,
    "x": 0.5079687500000001,
    "y": 0.5076562499999999,
  },
  Point {
    "b": 0,
    "g": 1,
    "r": 0,
    "x": 0.5079687500000001,
    "y": 0.5076562499999999,
  },
  Point {
    "b": 0,
    "g": 1,
    "r": 0,
    "x": 0.5079687500000001,
    "y": 0.5076562499999999,
  },
  Point {
    "b": 0,
    "g": 1,
    "r": 0,
    "x": 0.5079687500000001,
    "y": 0.5076562499999999,
  },
  Point {
    "b": 0,
    "g": 1,
    "r": 0,
    "x": 0.5079687500000001,
    "y": 0.5076562499999999,
  },
  Point {
    "b": 0,
    "g": 1,
    "r": 0,
    "x": 0.5079687500000001,
    "y": 0.5076562499999999,
  },
  Point {
    "b": 0,
    "g": 1,
    "r": 0,
    "x": 0.4948958333333334,
    "y": 0.2991145833333334,
  },
  Point {
    "b": 0,
    "g": 1,
    "r": 0,
    "x": 0.6721874999999999,
    "y": 0.3434375,
  },
  Point {
    "b": 0,
    "g": 1,
    "r": 0,
    "x": 0.6721874999999999,
    "y": 0.3434375,
  },
  Point {
    "b": 0,
    "g": 1,
    "r": 0,
    "x": 0.6721874999999999,
    "y": 0.3434375,
  },
  Point {
    "b": 0,
    "g": 1,
    "r": 0,
    "x": 0.6721874999999999,
    "y": 0.3434375,
  },
  Point {
    "b": 0,
    "g": 1,
    "r": 0,
    "x": 0.750234375,
    "y": 0.265390625,
  },
  Point {
    "b": 0,
    "g": 1,
    "r": 0,
    "x": 0.82828125,
    "y": 0.18734375,
  },
  Point {
    "b": 0,
    "g": 1,
    "r": 0,
    "x": 0.9063281249999999,
    "y": 0.10929687500000002,
  },
  Point {
    "b": 0,
    "g": 1,
    "r": 0,
    "x": 0.984375,
    "y": 0.03125,
  },
]
`;
