// Jest Snapshot v1, https://goo.gl/fbAQLP

exports[`draw basic green rectangle 1`] = `
Array [
  Point {
    "b": 0,
    "g": 0,
    "r": 0,
    "x": 0.2,
    "y": 0.4,
  },
  Point {
    "b": 0,
    "g": 0,
    "r": 0,
    "x": 0.2,
    "y": 0.4,
  },
  Point {
    "b": 0,
    "g": 0,
    "r": 0,
    "x": 0.2,
    "y": 0.4,
  },
  Point {
    "b": 0,
    "g": 0,
    "r": 0,
    "x": 0.2,
    "y": 0.4,
  },
  Point {
    "b": 0,
    "g": 0,
    "r": 0,
    "x": 0.2,
    "y": 0.4,
  },
  Point {
    "b": 0,
    "g": 0,
    "r": 0,
    "x": 0.2,
    "y": 0.4,
  },
  Point {
    "b": 0,
    "g": 0,
    "r": 0,
    "x": 0.2,
    "y": 0.4,
  },
  Point {
    "b": 0,
    "g": 0,
    "r": 0,
    "x": 0.2,
    "y": 0.4,
  },
  Point {
    "b": 0,
    "g": 0,
    "r": 0,
    "x": 0.2,
    "y": 0.4,
  },
  Point {
    "b": 0,
    "g": 0,
    "r": 0,
    "x": 0.2,
    "y": 0.4,
  },
  Point {
    "b": 0,
    "g": 0,
    "r": 0,
    "x": 0.2,
    "y": 0.4,
  },
  Point {
    "b": 0,
    "g": 0,
    "r": 0,
    "x": 0.2,
    "y": 0.4,
  },
  Point {
    "b": 0,
    "g": 0,
    "r": 0,
    "x": 0.2,
    "y": 0.4,
  },
  Point {
    "b": 0,
    "g": 0,
    "r": 0,
    "x": 0.2,
    "y": 0.4,
  },
  Point {
    "b": 0,
    "g": 0,
    "r": 0,
    "x": 0.2,
    "y": 0.4,
  },
  Point {
    "b": 0,
    "g": 0,
    "r": 0,
    "x": 0.2,
    "y": 0.4,
  },
  Point {
    "b": 0,
    "g": 0,
    "r": 0,
    "x": 0.2,
    "y": 0.4,
  },
  Point {
    "b": 0,
    "g": 0,
    "r": 0,
    "x": 0.2,
    "y": 0.4,
  },
  Point {
    "b": 0,
    "g": 0,
    "r": 0,
    "x": 0.2,
    "y": 0.4,
  },
  Point {
    "b": 0,
    "g": 0,
    "r": 0,
    "x": 0.2,
    "y": 0.4,
  },
  Point {
    "b": 0,
    "g": 0,
    "r": 0,
    "x": 0.2,
    "y": 0.4,
  },
  Point {
    "b": 0,
    "g": 0,
    "r": 0,
    "x": 0.2,
    "y": 0.4,
  },
  Point {
    "b": 0,
    "g": 0,
    "r": 0,
    "x": 0.2,
    "y": 0.4,
  },
  Point {
    "b": 0,
    "g": 0,
    "r": 0,
    "x": 0.2,
    "y": 0.4,
  },
  Point {
    "b": 0,
    "g": 1,
    "r": 0,
    "x": 0.3,
    "y": 0.4,
  },
  Point {
    "b": 0,
    "g": 1,
    "r": 0,
    "x": 0.4,
    "y": 0.4,
  },
  Point {
    "b": 0,
    "g": 1,
    "r": 0,
    "x": 0.5,
    "y": 0.4,
  },
  Point {
    "b": 0,
    "g": 1,
    "r": 0,
    "x": 0.6,
    "y": 0.4,
  },
  Point {
    "b": 0,
    "g": 1,
    "r": 0,
    "x": 0.7,
    "y": 0.4,
  },
  Point {
    "b": 0,
    "g": 1,
    "r": 0,
    "x": 0.7,
    "y": 0.4,
  },
  Point {
    "b": 0,
    "g": 1,
    "r": 0,
    "x": 0.7,
    "y": 0.4,
  },
  Point {
    "b": 0,
    "g": 1,
    "r": 0,
    "x": 0.7,
    "y": 0.4,
  },
  Point {
    "b": 0,
    "g": 1,
    "r": 0,
    "x": 0.7,
    "y": 0.4,
  },
  Point {
    "b": 0,
    "g": 1,
    "r": 0,
    "x": 0.7,
    "y": 0.4,
  },
  Point {
    "b": 0,
    "g": 1,
    "r": 0,
    "x": 0.7,
    "y": 0.5,
  },
  Point {
    "b": 0,
    "g": 1,
    "r": 0,
    "x": 0.7,
    "y": 0.6000000000000001,
  },
  Point {
    "b": 0,
    "g": 1,
    "r": 0,
    "x": 0.7,
    "y": 0.7000000000000001,
  },
  Point {
    "b": 0,
    "g": 1,
    "r": 0,
    "x": 0.7,
    "y": 0.8,
  },
  Point {
    "b": 0,
    "g": 1,
    "r": 0,
    "x": 0.7,
    "y": 0.9,
  },
  Point {
    "b": 0,
    "g": 1,
    "r": 0,
    "x": 0.7,
    "y": 0.9,
  },
  Point {
    "b": 0,
    "g": 1,
    "r": 0,
    "x": 0.7,
    "y": 0.9,
  },
  Point {
    "b": 0,
    "g": 1,
    "r": 0,
    "x": 0.7,
    "y": 0.9,
  },
  Point {
    "b": 0,
    "g": 1,
    "r": 0,
    "x": 0.7,
    "y": 0.9,
  },
  Point {
    "b": 0,
    "g": 1,
    "r": 0,
    "x": 0.7,
    "y": 0.9,
  },
  Point {
    "b": 0,
    "g": 1,
    "r": 0,
    "x": 0.6,
    "y": 0.9,
  },
  Point {
    "b": 0,
    "g": 1,
    "r": 0,
    "x": 0.5,
    "y": 0.9,
  },
  Point {
    "b": 0,
    "g": 1,
    "r": 0,
    "x": 0.39999999999999997,
    "y": 0.9,
  },
  Point {
    "b": 0,
    "g": 1,
    "r": 0,
    "x": 0.3,
    "y": 0.9,
  },
  Point {
    "b": 0,
    "g": 1,
    "r": 0,
    "x": 0.2,
    "y": 0.9,
  },
  Point {
    "b": 0,
    "g": 1,
    "r": 0,
    "x": 0.2,
    "y": 0.9,
  },
  Point {
    "b": 0,
    "g": 1,
    "r": 0,
    "x": 0.2,
    "y": 0.9,
  },
  Point {
    "b": 0,
    "g": 1,
    "r": 0,
    "x": 0.2,
    "y": 0.9,
  },
  Point {
    "b": 0,
    "g": 1,
    "r": 0,
    "x": 0.2,
    "y": 0.9,
  },
  Point {
    "b": 0,
    "g": 1,
    "r": 0,
    "x": 0.2,
    "y": 0.9,
  },
  Point {
    "b": 0,
    "g": 1,
    "r": 0,
    "x": 0.2,
    "y": 0.8,
  },
  Point {
    "b": 0,
    "g": 1,
    "r": 0,
    "x": 0.2,
    "y": 0.7,
  },
  Point {
    "b": 0,
    "g": 1,
    "r": 0,
    "x": 0.2,
    "y": 0.6,
  },
  Point {
    "b": 0,
    "g": 1,
    "r": 0,
    "x": 0.2,
    "y": 0.5,
  },
  Point {
    "b": 0,
    "g": 1,
    "r": 0,
    "x": 0.2,
    "y": 0.4,
  },
  Point {
    "b": 0,
    "g": 1,
    "r": 0,
    "x": 0.2,
    "y": 0.4,
  },
  Point {
    "b": 0,
    "g": 1,
    "r": 0,
    "x": 0.2,
    "y": 0.4,
  },
  Point {
    "b": 0,
    "g": 1,
    "r": 0,
    "x": 0.2,
    "y": 0.4,
  },
  Point {
    "b": 0,
    "g": 1,
    "r": 0,
    "x": 0.2,
    "y": 0.4,
  },
  Point {
    "b": 0,
    "g": 1,
    "r": 0,
    "x": 0.2,
    "y": 0.4,
  },
]
`;
